Your Hostname is LAPTOP-0KRS8HPM

Today is Wed Jun  3 11:32:39 UTC 2026

--- all user accounts ---

root:x:0:0:root:/root:/bin/bash
daemon:x:1:1:daemon:/usr/sbin:/usr/sbin/nologin
bin:x:2:2:bin:/bin:/usr/sbin/nologin
sys:x:3:3:sys:/dev:/usr/sbin/nologin
sync:x:4:65534:sync:/bin:/bin/sync
games:x:5:60:games:/usr/games:/usr/sbin/nologin
man:x:6:12:man:/var/cache/man:/usr/sbin/nologin
lp:x:7:7:lp:/var/spool/lpd:/usr/sbin/nologin
mail:x:8:8:mail:/var/mail:/usr/sbin/nologin
news:x:9:9:news:/var/spool/news:/usr/sbin/nologin
uucp:x:10:10:uucp:/var/spool/uucp:/usr/sbin/nologin
proxy:x:13:13:proxy:/bin:/usr/sbin/nologin
www-data:x:33:33:www-data:/var/www:/usr/sbin/nologin
backup:x:34:34:backup:/var/backups:/usr/sbin/nologin
list:x:38:38:Mailing List Manager:/var/list:/usr/sbin/nologin
irc:x:39:39:ircd:/run/ircd:/usr/sbin/nologin
_apt:x:42:65534::/nonexistent:/usr/sbin/nologin
nobody:x:65534:65534:nobody:/nonexistent:/usr/sbin/nologin
systemd-network:x:998:998:systemd Network Management:/:/usr/sbin/nologin
systemd-timesync:x:996:996:systemd Time Synchronization:/:/usr/sbin/nologin
dhcpcd:x:100:65534:DHCP Client Daemon,,,:/usr/lib/dhcpcd:/bin/false
messagebus:x:101:101::/nonexistent:/usr/sbin/nologin
syslog:x:102:102::/nonexistent:/usr/sbin/nologin
systemd-resolve:x:991:991:systemd Resolver:/:/usr/sbin/nologin
uuidd:x:103:103::/run/uuidd:/usr/sbin/nologin
landscape:x:104:105::/var/lib/landscape:/usr/sbin/nologin
polkitd:x:990:990:User for polkitd:/:/usr/sbin/nologin
krish:x:1000:1000:,,,:/home/krish:/bin/bash
sshd:x:105:65534::/run/sshd:/usr/sbin/nologin

--- all login accounts ---

root:x:0:0:root:/root:/bin/bash
krish:x:1000:1000:,,,:/home/krish:/bin/bash

--- Sensitive Files world-writable ---

/home/krish/.azure
/home/krish/.docker/contexts
/home/krish/.docker/features.json
/home/krish/.wakatime/wakatime-cli
/home/krish/.aws
